// Jest Snapshot v1, https://goo.gl/fbAQLP

exports[`matches snapshot 1`] = `
<DocumentFragment>
  <div
    class="App"
  >
    <div
      class="MuiBox-root css-8atqhb"
    >
      <div
        class="MuiBox-root css-1gsv261"
      >
        <div
          class="MuiTabs-root css-1ujnqem-MuiTabs-root"
        >
          <div
            class="MuiTabs-scroller MuiTabs-fixed css-jpln7h-MuiTabs-scroller"
            style="overflow: hidden; margin-bottom: 0px;"
          >
            <div
              aria-label="navigation tabs"
              class="MuiTabs-flexContainer css-heg063-MuiTabs-flexContainer"
              role="tablist"
            >
              <button
                aria-controls="navigation-tabpanel-0"
                aria-selected="false"
                class="MuiButtonBase-root MuiTab-root MuiTab-textColorSecondary css-1a4cg4j-MuiButtonBase-root-MuiTab-root"
                id="navigation-tab-0"
                name="0"
                role="tab"
                tabindex="-1"
                type="button"
              >
                home
                <span
                  class="MuiTouchRipple-root css-8je8zh-MuiTouchRipple-root"
                />
              </button>
              <button
                aria-controls="navigation-tabpanel-3"
                aria-selected="false"
                class="MuiButtonBase-root MuiTab-root MuiTab-textColorSecondary css-1a4cg4j-MuiButtonBase-root-MuiTab-root"
                id="navigation-tab-3"
                name="3"
                role="tab"
                tabindex="-1"
                type="button"
              >
                login
                <span
                  class="MuiTouchRipple-root css-8je8zh-MuiTouchRipple-root"
                />
              </button>
              <button
                aria-controls="navigation-tabpanel-4"
                aria-selected="false"
                class="MuiButtonBase-root MuiTab-root MuiTab-textColorSecondary css-1a4cg4j-MuiButtonBase-root-MuiTab-root"
                id="navigation-tab-4"
                name="4"
                role="tab"
                tabindex="-1"
                type="button"
              >
                register
                <span
                  class="MuiTouchRipple-root css-8je8zh-MuiTouchRipple-root"
                />
              </button>
            </div>
            <span
              class="MuiTabs-indicator css-1aquho2-MuiTabs-indicator"
              style="left: 0px; width: 0px;"
            />
          </div>
        </div>
      </div>
    </div>
    <div
      id="main"
    >
      <div
        class="fof"
      >
        <h1>
          Error 404
        </h1>
      </div>
    </div>
  </div>
</DocumentFragment>
`;
